Flutter crash report.
Please report a bug at https://github.com/flutter/flutter/issues.

## command

flutter create frontend

## exception

_TypeError: type 'Null' is not a subtype of type 'YamlMap' in type cast

```
#0      gatherSdkPackageDependencies (package:flutter_tools/src/commands/create.dart:1389:88)
#1      _generatePubspecLock (package:flutter_tools/src/commands/create.dart:1374:27)
#2      CreateCommand.runCommand (package:flutter_tools/src/commands/create.dart:550:5)
<asynchronous suspension>
#3      FlutterCommand.run.<anonymous closure> (package:flutter_tools/src/runner/flutter_command.dart:1630:27)
<asynchronous suspension>
#4      AppContext.run.<anonymous closure> (package:flutter_tools/src/base/context.dart:154:19)
<asynchronous suspension>
#5      CommandRunner.runCommand (package:args/command_runner.dart:212:13)
<asynchronous suspension>
#6      FlutterCommandRunner.runCommand.<anonymous closure> (package:flutter_tools/src/runner/flutter_command_runner.dart:496:9)
<asynchronous suspension>
#7      AppContext.run.<anonymous closure> (package:flutter_tools/src/base/context.dart:154:19)
<asynchronous suspension>
#8      FlutterCommandRunner.runCommand (package:flutter_tools/src/runner/flutter_command_runner.dart:431:5)
<asynchronous suspension>
#9      FlutterCommandRunner.run.<anonymous closure> (package:flutter_tools/src/runner/flutter_command_runner.dart:307:33)
<asynchronous suspension>
#10     run.<anonymous closure>.<anonymous closure> (package:flutter_tools/runner.dart:104:11)
<asynchronous suspension>
#11     AppContext.run.<anonymous closure> (package:flutter_tools/src/base/context.dart:154:19)
<asynchronous suspension>
#12     main (package:flutter_tools/executable.dart:103:3)
<asynchronous suspension>
```

## flutter doctor

```
[32m[✓][39m Flutter (Channel stable, 3.44.1, on Microsoft Windows [Version 10.0.22631.6199], locale en-US) [677ms]
    [32m•[39m Flutter version 3.44.1 on channel stable at F:\flutter_windows_3.44.1-stable\flutter
    [32m•[39m Upstream repository https://github.com/flutter/flutter.git
    [32m•[39m Framework revision 924134a44c (11 days ago), 2026-05-29 12:13:22 -0400
    [32m•[39m Engine revision c416acfeb8
    [32m•[39m Dart version 3.12.1
    [32m•[39m DevTools version 2.57.0
    [32m•[39m Feature flags: enable-web, enable-linux-desktop, enable-macos-desktop, enable-windows-desktop, enable-android,
      enable-ios, cli-animations, enable-native-assets, enable-swift-package-manager, omit-legacy-version-file,
      enable-lldb-debugging, enable-uiscene-migration

[32m[✓][39m Windows Version (11 Pro 64-bit, 23H2, 2009) [2.1s]

[31m[✗][39m Android toolchain - develop for Android devices [387ms]
    [31m✗[39m Unable to locate Android SDK.
      Install Android Studio from: https://developer.android.com/studio/index.html
      On first launch it will assist you in installing the Android SDK components.
      (or visit https://flutter.dev/to/windows-android-setup for detailed instructions).
      If the Android SDK has been installed to a custom location, please use
      `flutter config --android-sdk` to update to that location.


[32m[✓][39m Chrome - develop for the web [368ms]
    [32m•[39m Chrome at C:\Program Files\Google\Chrome\Application\chrome.exe

[33m[!][39m Visual Studio - develop Windows apps (Visual Studio Build Tools 2026 18.6.2) [367ms]
    [32m•[39m Visual Studio at C:\Program Files (x86)\Microsoft Visual Studio\18\BuildTools
    [32m•[39m Visual Studio Build Tools 2026 version 18.6.11822.322
    [31m✗[39m The current Visual Studio installation is incomplete.
      Please use Visual Studio Installer to complete the installation or reinstall Visual Studio.

[32m[✓][39m Connected device (3 available) [117ms]
    [32m•[39m Windows (desktop) • windows • windows-x64    • Microsoft Windows [Version 10.0.22631.6199]
    [32m•[39m Chrome (web)      • chrome  • web-javascript • Google Chrome 148.0.7778.218
    [32m•[39m Edge (web)        • edge    • web-javascript • Microsoft Edge 149.0.4022.52

[32m[✓][39m Network resources [1,474ms]
    [32m•[39m All expected network resources are available.

[33m![39m Doctor found issues in 2 categories.
```
